[2026-09-18T07:58:58.393+0000] {local_task_job_runner.py:120} INFO - ::group::Pre task execution logs
[2026-09-18T07:58:58.420+0000] {taskinstance.py:2076} INFO - Dependencies all met for dep_context=non-requeueable deps ti=<TaskInstance: youtube_data_updating.load_staging manual__2026-09-18T07:58:57.790612+00:00 [queued]>
[2026-09-18T07:58:58.431+0000] {taskinstance.py:2076} INFO - Dependencies all met for dep_context=requeueable deps ti=<TaskInstance: youtube_data_updating.load_staging manual__2026-09-18T07:58:57.790612+00:00 [queued]>
[2026-09-18T07:58:58.434+0000] {taskinstance.py:2306} INFO - Starting attempt 1 of 2
[2026-09-18T07:58:58.452+0000] {taskinstance.py:2330} INFO - Executing <Task(PythonOperator): load_staging> on 2026-09-18 07:58:57.790612+00:00
[2026-09-18T07:58:58.461+0000] {standard_task_runner.py:63} INFO - Started process 97 to run task
[2026-09-18T07:58:58.467+0000] {standard_task_runner.py:90} INFO - Running: ['***', 'tasks', 'run', 'youtube_data_updating', 'load_staging', 'manual__2026-09-18T07:58:57.790612+00:00', '--job-id', '193', '--raw', '--subdir', 'DAGS_FOLDER/dag_updating.py', '--cfg-path', '/tmp/tmpgng224ry']
[2026-09-18T07:58:58.473+0000] {standard_task_runner.py:91} INFO - Job 193: Subtask load_staging
[2026-09-18T07:58:58.544+0000] {task_command.py:426} INFO - Running <TaskInstance: youtube_data_updating.load_staging manual__2026-09-18T07:58:57.790612+00:00 [running]> on host 7ff24c91f847
[2026-09-18T07:58:58.631+0000] {taskinstance.py:2648} INFO - Exporting env vars: AIRFLOW_CTX_DAG_OWNER='***' AIRFLOW_CTX_DAG_ID='youtube_data_updating' AIRFLOW_CTX_TASK_ID='load_staging' AIRFLOW_CTX_EXECUTION_DATE='2026-09-18T07:58:57.790612+00:00' AIRFLOW_CTX_TRY_NUMBER='1' AIRFLOW_CTX_DAG_RUN_ID='manual__2026-09-18T07:58:57.790612+00:00'
[2026-09-18T07:58:58.634+0000] {taskinstance.py:430} INFO - ::endgroup::
[2026-09-18T07:58:58.659+0000] {logging_mixin.py:188} INFO - 444
[2026-09-18T07:58:58.670+0000] {base.py:84} INFO - Using connection ID 'postgres_db_yt_elt' for task execution.
[2026-09-18T07:58:58.677+0000] {base.py:84} INFO - Using connection ID 'postgres_db_yt_elt' for task execution.
[2026-09-18T07:58:58.680+0000] {taskinstance.py:441} INFO - ::group::Post task execution logs
[2026-09-18T07:58:58.682+0000] {taskinstance.py:2905} ERROR - Task failed with exception
Traceback (most recent call last):
  File "/home/airflow/.local/lib/python3.10/site-packages/airflow/models/taskinstance.py", line 465, in _execute_task
    result = _execute_callable(context=context, **execute_callable_kwargs)
  File "/home/airflow/.local/lib/python3.10/site-packages/airflow/models/taskinstance.py", line 432, in _execute_callable
    return execute_callable(context=context, **execute_callable_kwargs)
  File "/home/airflow/.local/lib/python3.10/site-packages/airflow/models/baseoperator.py", line 401, in wrapper
    return func(self, *args, **kwargs)
  File "/home/airflow/.local/lib/python3.10/site-packages/airflow/operators/python.py", line 235, in execute
    return_value = self.execute_callable()
  File "/home/airflow/.local/lib/python3.10/site-packages/airflow/operators/python.py", line 252, in execute_callable
    return self.python_callable(*self.op_args, **self.op_kwargs)
  File "/opt/airflow/scripts/staging.py", line 23, in staging
    hook.insert_rows(
  File "/home/airflow/.local/lib/python3.10/site-packages/airflow/providers/common/sql/hooks/sql.py", line 596, in insert_rows
    cur.executemany(sql, values)
psycopg2.errors.InvalidColumnReference: there is no unique or exclusion constraint matching the ON CONFLICT specification

[2026-09-18T07:58:58.701+0000] {taskinstance.py:1206} INFO - Marking task as UP_FOR_RETRY. dag_id=youtube_data_updating, task_id=load_staging, run_id=manual__2026-09-18T07:58:57.790612+00:00, execution_date=20260918T075857, start_date=20260918T075858, end_date=20260918T075858
[2026-09-18T07:58:58.713+0000] {standard_task_runner.py:110} ERROR - Failed to execute job 193 for task load_staging (there is no unique or exclusion constraint matching the ON CONFLICT specification
; 97)
[2026-09-18T07:58:58.731+0000] {local_task_job_runner.py:240} INFO - Task exited with return code 1
[2026-09-18T07:58:58.748+0000] {taskinstance.py:3503} INFO - 0 downstream tasks scheduled from follow-on schedule check
[2026-09-18T07:58:58.753+0000] {local_task_job_runner.py:222} INFO - ::endgroup::
