[2026-09-17T19:35:55.232+0000] {local_task_job_runner.py:120} INFO - ::group::Pre task execution logs
[2026-09-17T19:35:55.265+0000] {taskinstance.py:2076} INFO - Dependencies all met for dep_context=non-requeueable deps ti=<TaskInstance: youtube_extraction.get_channel manual__2026-09-17T19:30:16.659562+00:00 [queued]>
[2026-09-17T19:35:55.277+0000] {taskinstance.py:2076} INFO - Dependencies all met for dep_context=requeueable deps ti=<TaskInstance: youtube_extraction.get_channel manual__2026-09-17T19:30:16.659562+00:00 [queued]>
[2026-09-17T19:35:55.280+0000] {taskinstance.py:2306} INFO - Starting attempt 2 of 2
[2026-09-17T19:35:55.300+0000] {taskinstance.py:2330} INFO - Executing <Task(PythonOperator): get_channel> on 2026-09-17 19:30:16.659562+00:00
[2026-09-17T19:35:55.309+0000] {standard_task_runner.py:63} INFO - Started process 66 to run task
[2026-09-17T19:35:55.314+0000] {standard_task_runner.py:90} INFO - Running: ['***', 'tasks', 'run', 'youtube_extraction', 'get_channel', 'manual__2026-09-17T19:30:16.659562+00:00', '--job-id', '148', '--raw', '--subdir', 'DAGS_FOLDER/dag_extraction.py', '--cfg-path', '/tmp/tmpjpdslrdp']
[2026-09-17T19:35:55.319+0000] {standard_task_runner.py:91} INFO - Job 148: Subtask get_channel
[2026-09-17T19:35:55.380+0000] {task_command.py:426} INFO - Running <TaskInstance: youtube_extraction.get_channel manual__2026-09-17T19:30:16.659562+00:00 [running]> on host f60c32e8bc78
[2026-09-17T19:35:55.470+0000] {taskinstance.py:2648} INFO - Exporting env vars: AIRFLOW_CTX_DAG_OWNER='***' AIRFLOW_CTX_DAG_ID='youtube_extraction' AIRFLOW_CTX_TASK_ID='get_channel' AIRFLOW_CTX_EXECUTION_DATE='2026-09-17T19:30:16.659562+00:00' AIRFLOW_CTX_TRY_NUMBER='2' AIRFLOW_CTX_DAG_RUN_ID='manual__2026-09-17T19:30:16.659562+00:00'
[2026-09-17T19:35:55.473+0000] {taskinstance.py:430} INFO - ::endgroup::
[2026-09-17T19:35:55.524+0000] {__init__.py:49} INFO - file_cache is only supported with oauth2client<4.0.0
[2026-09-17T19:35:55.927+0000] {python.py:237} INFO - Done. Returned value was: (<googleapiclient.discovery.Resource object at 0x7c31300e4340>, 'UU0WP5P-ufpRfjbNrmOWwLBQ')
[2026-09-17T19:35:55.930+0000] {taskinstance.py:441} INFO - ::group::Post task execution logs
[2026-09-17T19:35:55.955+0000] {xcom.py:675} ERROR - Object of type tuple is not JSON serializable. If you are using pickle instead of JSON for XCom, then you need to enable pickle support for XCom in your *** config or make sure to decorate your object with attr.
[2026-09-17T19:35:55.961+0000] {taskinstance.py:2905} ERROR - Task failed with exception
Traceback (most recent call last):
  File "/home/airflow/.local/lib/python3.10/site-packages/airflow/utils/json.py", line 91, in default
    return serialize(o)
  File "/home/airflow/.local/lib/python3.10/site-packages/airflow/serialization/serde.py", line 150, in serialize
    return encode(classname or serialized_classname, version, serialize(data, depth + 1))
  File "/home/airflow/.local/lib/python3.10/site-packages/airflow/serialization/serde.py", line 127, in serialize
    return [serialize(d, depth + 1) for d in o]
  File "/home/airflow/.local/lib/python3.10/site-packages/airflow/serialization/serde.py", line 127, in <listcomp>
    return [serialize(d, depth + 1) for d in o]
  File "/home/airflow/.local/lib/python3.10/site-packages/airflow/serialization/serde.py", line 189, in serialize
    raise TypeError(f"cannot serialize object of type {cls}")
TypeError: cannot serialize object of type <class 'googleapiclient.discovery.Resource'>

During handling of the above exception, another exception occurred:

Traceback (most recent call last):
  File "/home/airflow/.local/lib/python3.10/site-packages/airflow/models/taskinstance.py", line 486, in _execute_task
    task_instance.xcom_push(key=XCOM_RETURN_KEY, value=xcom_value, session=session)
  File "/home/airflow/.local/lib/python3.10/site-packages/airflow/utils/session.py", line 76, in wrapper
    return func(*args, **kwargs)
  File "/home/airflow/.local/lib/python3.10/site-packages/airflow/models/taskinstance.py", line 3197, in xcom_push
    XCom.set(
  File "/home/airflow/.local/lib/python3.10/site-packages/airflow/utils/session.py", line 76, in wrapper
    return func(*args, **kwargs)
  File "/home/airflow/.local/lib/python3.10/site-packages/airflow/models/xcom.py", line 246, in set
    value = cls.serialize_value(
  File "/home/airflow/.local/lib/python3.10/site-packages/airflow/models/xcom.py", line 673, in serialize_value
    return json.dumps(value, cls=XComEncoder).encode("UTF-8")
  File "/usr/local/lib/python3.10/json/__init__.py", line 238, in dumps
    **kw).encode(obj)
  File "/home/airflow/.local/lib/python3.10/site-packages/airflow/utils/json.py", line 102, in encode
    o = self.default(o)
  File "/home/airflow/.local/lib/python3.10/site-packages/airflow/utils/json.py", line 93, in default
    return super().default(o)
  File "/usr/local/lib/python3.10/json/encoder.py", line 179, in default
    raise TypeError(f'Object of type {o.__class__.__name__} '
TypeError: Object of type tuple is not JSON serializable
[2026-09-17T19:35:55.982+0000] {taskinstance.py:1206} INFO - Marking task as FAILED. dag_id=youtube_extraction, task_id=get_channel, run_id=manual__2026-09-17T19:30:16.659562+00:00, execution_date=20260917T193016, start_date=20260917T193555, end_date=20260917T193555
[2026-09-17T19:35:56.007+0000] {standard_task_runner.py:110} ERROR - Failed to execute job 148 for task get_channel (Object of type tuple is not JSON serializable; 66)
[2026-09-17T19:35:56.053+0000] {local_task_job_runner.py:240} INFO - Task exited with return code 1
[2026-09-17T19:35:56.098+0000] {taskinstance.py:3503} INFO - 0 downstream tasks scheduled from follow-on schedule check
[2026-09-17T19:35:56.108+0000] {local_task_job_runner.py:222} INFO - ::endgroup::
