[2026-09-17T19:49:20.820+0000] {local_task_job_runner.py:120} INFO - ::group::Pre task execution logs
[2026-09-17T19:49:20.857+0000] {taskinstance.py:2076} INFO - Dependencies all met for dep_context=non-requeueable deps ti=<TaskInstance: youtube_extraction.get_videos_data manual__2026-09-17T19:42:19.968131+00:00 [queued]>
[2026-09-17T19:49:20.875+0000] {taskinstance.py:2076} INFO - Dependencies all met for dep_context=requeueable deps ti=<TaskInstance: youtube_extraction.get_videos_data manual__2026-09-17T19:42:19.968131+00:00 [queued]>
[2026-09-17T19:49:20.877+0000] {taskinstance.py:2306} INFO - Starting attempt 2 of 2
[2026-09-17T19:49:20.903+0000] {taskinstance.py:2330} INFO - Executing <Task(PythonOperator): get_videos_data> on 2026-09-17 19:42:19.968131+00:00
[2026-09-17T19:49:20.912+0000] {standard_task_runner.py:63} INFO - Started process 155 to run task
[2026-09-17T19:49:20.918+0000] {standard_task_runner.py:90} INFO - Running: ['***', 'tasks', 'run', 'youtube_extraction', 'get_videos_data', 'manual__2026-09-17T19:42:19.968131+00:00', '--job-id', '166', '--raw', '--subdir', 'DAGS_FOLDER/dag_extraction.py', '--cfg-path', '/tmp/tmp049ruwoq']
[2026-09-17T19:49:20.924+0000] {standard_task_runner.py:91} INFO - Job 166: Subtask get_videos_data
[2026-09-17T19:49:20.992+0000] {task_command.py:426} INFO - Running <TaskInstance: youtube_extraction.get_videos_data manual__2026-09-17T19:42:19.968131+00:00 [running]> on host 67055e1104cf
[2026-09-17T19:49:21.103+0000] {taskinstance.py:2648} INFO - Exporting env vars: AIRFLOW_CTX_DAG_OWNER='***' AIRFLOW_CTX_DAG_ID='youtube_extraction' AIRFLOW_CTX_TASK_ID='get_videos_data' AIRFLOW_CTX_EXECUTION_DATE='2026-09-17T19:42:19.968131+00:00' AIRFLOW_CTX_TRY_NUMBER='2' AIRFLOW_CTX_DAG_RUN_ID='manual__2026-09-17T19:42:19.968131+00:00'
[2026-09-17T19:49:21.110+0000] {taskinstance.py:430} INFO - ::endgroup::
[2026-09-17T19:49:21.148+0000] {__init__.py:49} INFO - file_cache is only supported with oauth2client<4.0.0
[2026-09-17T19:49:21.648+0000] {taskinstance.py:441} INFO - ::group::Post task execution logs
[2026-09-17T19:49:21.649+0000] {taskinstance.py:2905} ERROR - Task failed with exception
Traceback (most recent call last):
  File "/home/airflow/.local/lib/python3.10/site-packages/airflow/models/taskinstance.py", line 465, in _execute_task
    result = _execute_callable(context=context, **execute_callable_kwargs)
  File "/home/airflow/.local/lib/python3.10/site-packages/airflow/models/taskinstance.py", line 432, in _execute_callable
    return execute_callable(context=context, **execute_callable_kwargs)
  File "/home/airflow/.local/lib/python3.10/site-packages/airflow/models/baseoperator.py", line 401, in wrapper
    return func(self, *args, **kwargs)
  File "/home/airflow/.local/lib/python3.10/site-packages/airflow/operators/python.py", line 235, in execute
    return_value = self.execute_callable()
  File "/home/airflow/.local/lib/python3.10/site-packages/airflow/operators/python.py", line 252, in execute_callable
    return self.python_callable(*self.op_args, **self.op_kwargs)
  File "/opt/airflow/scripts/videos.py", line 17, in get_videos
    ).execute()
  File "/home/airflow/.local/lib/python3.10/site-packages/googleapiclient/_helpers.py", line 130, in positional_wrapper
    return wrapped(*args, **kwargs)
  File "/home/airflow/.local/lib/python3.10/site-packages/googleapiclient/http.py", line 938, in execute
    raise HttpError(resp, content, uri=self.uri)
googleapiclient.errors.HttpError: <HttpError 400 when requesting https://youtube.googleapis.com/youtube/v3/playlistItems?part=contentDetails&maxResults=50&key=AIzaSyDGDoi5dTk_NsXZdYZIZsGfH2i72p3aLrg&alt=json returned "No filter selected. Expected one of: id, playlistId". Details: "[{'message': 'No filter selected. Expected one of: id, playlistId', 'domain': 'youtube.parameter', 'reason': 'missingRequiredParameter', 'location': 'parameters.', 'locationType': 'other'}]">
[2026-09-17T19:49:21.667+0000] {taskinstance.py:1206} INFO - Marking task as FAILED. dag_id=youtube_extraction, task_id=get_videos_data, run_id=manual__2026-09-17T19:42:19.968131+00:00, execution_date=20260917T194219, start_date=20260917T194920, end_date=20260917T194921
[2026-09-17T19:49:21.703+0000] {standard_task_runner.py:110} ERROR - Failed to execute job 166 for task get_videos_data (<HttpError 400 when requesting https://youtube.googleapis.com/youtube/v3/playlistItems?part=contentDetails&maxResults=50&key=AIzaSyDGDoi5dTk_NsXZdYZIZsGfH2i72p3aLrg&alt=json returned "No filter selected. Expected one of: id, playlistId". Details: "[{'message': 'No filter selected. Expected one of: id, playlistId', 'domain': 'youtube.parameter', 'reason': 'missingRequiredParameter', 'location': 'parameters.', 'locationType': 'other'}]">; 155)
[2026-09-17T19:49:21.738+0000] {local_task_job_runner.py:240} INFO - Task exited with return code 1
[2026-09-17T19:49:21.787+0000] {taskinstance.py:3503} INFO - 0 downstream tasks scheduled from follow-on schedule check
[2026-09-17T19:49:21.797+0000] {local_task_job_runner.py:222} INFO - ::endgroup::
