[2026-09-18T10:13:02.001+0000] {local_task_job_runner.py:120} INFO - ::group::Pre task execution logs
[2026-09-18T10:13:02.021+0000] {taskinstance.py:2076} INFO - Dependencies all met for dep_context=non-requeueable deps ti=<TaskInstance: youtube_data_updating.updating manual__2026-09-18T10:07:56.388877+00:00 [queued]>
[2026-09-18T10:13:02.029+0000] {taskinstance.py:2076} INFO - Dependencies all met for dep_context=requeueable deps ti=<TaskInstance: youtube_data_updating.updating manual__2026-09-18T10:07:56.388877+00:00 [queued]>
[2026-09-18T10:13:02.030+0000] {taskinstance.py:2306} INFO - Starting attempt 2 of 2
[2026-09-18T10:13:02.044+0000] {taskinstance.py:2330} INFO - Executing <Task(PythonOperator): updating> on 2026-09-18 10:07:56.388877+00:00
[2026-09-18T10:13:02.050+0000] {standard_task_runner.py:63} INFO - Started process 154 to run task
[2026-09-18T10:13:02.055+0000] {standard_task_runner.py:90} INFO - Running: ['***', 'tasks', 'run', 'youtube_data_updating', 'updating', 'manual__2026-09-18T10:07:56.388877+00:00', '--job-id', '221', '--raw', '--subdir', 'DAGS_FOLDER/dag_updating.py', '--cfg-path', '/tmp/tmpg2vlcasn']
[2026-09-18T10:13:02.059+0000] {standard_task_runner.py:91} INFO - Job 221: Subtask updating
[2026-09-18T10:13:02.109+0000] {task_command.py:426} INFO - Running <TaskInstance: youtube_data_updating.updating manual__2026-09-18T10:07:56.388877+00:00 [running]> on host 428da72329dd
[2026-09-18T10:13:02.182+0000] {taskinstance.py:2648} INFO - Exporting env vars: AIRFLOW_CTX_DAG_OWNER='***' AIRFLOW_CTX_DAG_ID='youtube_data_updating' AIRFLOW_CTX_TASK_ID='updating' AIRFLOW_CTX_EXECUTION_DATE='2026-09-18T10:07:56.388877+00:00' AIRFLOW_CTX_TRY_NUMBER='2' AIRFLOW_CTX_DAG_RUN_ID='manual__2026-09-18T10:07:56.388877+00:00'
[2026-09-18T10:13:02.184+0000] {taskinstance.py:430} INFO - ::endgroup::
[2026-09-18T10:13:02.215+0000] {base.py:84} INFO - Using connection ID 'postgres_db_yt_elt' for task execution.
[2026-09-18T10:13:02.223+0000] {base.py:84} INFO - Using connection ID 'postgres_db_yt_elt' for task execution.
[2026-09-18T10:13:02.266+0000] {taskinstance.py:441} INFO - ::group::Post task execution logs
[2026-09-18T10:13:02.267+0000] {taskinstance.py:2905} ERROR - Task failed with exception
Traceback (most recent call last):
  File "/home/airflow/.local/lib/python3.10/site-packages/airflow/models/taskinstance.py", line 465, in _execute_task
    result = _execute_callable(context=context, **execute_callable_kwargs)
  File "/home/airflow/.local/lib/python3.10/site-packages/airflow/models/taskinstance.py", line 432, in _execute_callable
    return execute_callable(context=context, **execute_callable_kwargs)
  File "/home/airflow/.local/lib/python3.10/site-packages/airflow/models/baseoperator.py", line 401, in wrapper
    return func(self, *args, **kwargs)
  File "/home/airflow/.local/lib/python3.10/site-packages/airflow/operators/python.py", line 235, in execute
    return_value = self.execute_callable()
  File "/home/airflow/.local/lib/python3.10/site-packages/airflow/operators/python.py", line 252, in execute_callable
    return self.python_callable(*self.op_args, **self.op_kwargs)
  File "/opt/airflow/scripts/core_updating.py", line 8, in updating
    hook.insert_rows(
  File "/home/airflow/.local/lib/python3.10/site-packages/airflow/providers/common/sql/hooks/sql.py", line 596, in insert_rows
    cur.executemany(sql, values)
psycopg2.errors.NumericValueOutOfRange: integer out of range

[2026-09-18T10:13:02.279+0000] {taskinstance.py:1206} INFO - Marking task as FAILED. dag_id=youtube_data_updating, task_id=updating, run_id=manual__2026-09-18T10:07:56.388877+00:00, execution_date=20260918T100756, start_date=20260918T101302, end_date=20260918T101302
[2026-09-18T10:13:02.292+0000] {standard_task_runner.py:110} ERROR - Failed to execute job 221 for task updating (integer out of range
; 154)
[2026-09-18T10:13:02.310+0000] {local_task_job_runner.py:240} INFO - Task exited with return code 1
[2026-09-18T10:13:02.326+0000] {taskinstance.py:3503} INFO - 0 downstream tasks scheduled from follow-on schedule check
[2026-09-18T10:13:02.329+0000] {local_task_job_runner.py:222} INFO - ::endgroup::
