[2026-09-18T10:08:00.880+0000] {local_task_job_runner.py:120} INFO - ::group::Pre task execution logs
[2026-09-18T10:08:00.898+0000] {taskinstance.py:2076} INFO - Dependencies all met for dep_context=non-requeueable deps ti=<TaskInstance: youtube_data_updating.updating manual__2026-09-18T10:07:56.388877+00:00 [queued]>
[2026-09-18T10:08:00.907+0000] {taskinstance.py:2076} INFO - Dependencies all met for dep_context=requeueable deps ti=<TaskInstance: youtube_data_updating.updating manual__2026-09-18T10:07:56.388877+00:00 [queued]>
[2026-09-18T10:08:00.908+0000] {taskinstance.py:2306} INFO - Starting attempt 1 of 2
[2026-09-18T10:08:00.920+0000] {taskinstance.py:2330} INFO - Executing <Task(PythonOperator): updating> on 2026-09-18 10:07:56.388877+00:00
[2026-09-18T10:08:00.926+0000] {standard_task_runner.py:63} INFO - Started process 79 to run task
[2026-09-18T10:08:00.930+0000] {standard_task_runner.py:90} INFO - Running: ['***', 'tasks', 'run', 'youtube_data_updating', 'updating', 'manual__2026-09-18T10:07:56.388877+00:00', '--job-id', '217', '--raw', '--subdir', 'DAGS_FOLDER/dag_updating.py', '--cfg-path', '/tmp/tmp89r97s2q']
[2026-09-18T10:08:00.934+0000] {standard_task_runner.py:91} INFO - Job 217: Subtask updating
[2026-09-18T10:08:00.990+0000] {task_command.py:426} INFO - Running <TaskInstance: youtube_data_updating.updating manual__2026-09-18T10:07:56.388877+00:00 [running]> on host 428da72329dd
[2026-09-18T10:08:01.066+0000] {taskinstance.py:2648} INFO - Exporting env vars: AIRFLOW_CTX_DAG_OWNER='***' AIRFLOW_CTX_DAG_ID='youtube_data_updating' AIRFLOW_CTX_TASK_ID='updating' AIRFLOW_CTX_EXECUTION_DATE='2026-09-18T10:07:56.388877+00:00' AIRFLOW_CTX_TRY_NUMBER='1' AIRFLOW_CTX_DAG_RUN_ID='manual__2026-09-18T10:07:56.388877+00:00'
[2026-09-18T10:08:01.069+0000] {taskinstance.py:430} INFO - ::endgroup::
[2026-09-18T10:08:01.103+0000] {base.py:84} INFO - Using connection ID 'postgres_db_yt_elt' for task execution.
[2026-09-18T10:08:01.109+0000] {base.py:84} INFO - Using connection ID 'postgres_db_yt_elt' for task execution.
[2026-09-18T10:08:01.161+0000] {taskinstance.py:441} INFO - ::group::Post task execution logs
[2026-09-18T10:08:01.163+0000] {taskinstance.py:2905} ERROR - Task failed with exception
Traceback (most recent call last):
  File "/home/airflow/.local/lib/python3.10/site-packages/airflow/models/taskinstance.py", line 465, in _execute_task
    result = _execute_callable(context=context, **execute_callable_kwargs)
  File "/home/airflow/.local/lib/python3.10/site-packages/airflow/models/taskinstance.py", line 432, in _execute_callable
    return execute_callable(context=context, **execute_callable_kwargs)
  File "/home/airflow/.local/lib/python3.10/site-packages/airflow/models/baseoperator.py", line 401, in wrapper
    return func(self, *args, **kwargs)
  File "/home/airflow/.local/lib/python3.10/site-packages/airflow/operators/python.py", line 235, in execute
    return_value = self.execute_callable()
  File "/home/airflow/.local/lib/python3.10/site-packages/airflow/operators/python.py", line 252, in execute_callable
    return self.python_callable(*self.op_args, **self.op_kwargs)
  File "/opt/airflow/scripts/core_updating.py", line 8, in updating
    hook.insert_rows(
  File "/home/airflow/.local/lib/python3.10/site-packages/airflow/providers/common/sql/hooks/sql.py", line 596, in insert_rows
    cur.executemany(sql, values)
psycopg2.errors.NumericValueOutOfRange: integer out of range

[2026-09-18T10:08:01.176+0000] {taskinstance.py:1206} INFO - Marking task as UP_FOR_RETRY. dag_id=youtube_data_updating, task_id=updating, run_id=manual__2026-09-18T10:07:56.388877+00:00, execution_date=20260918T100756, start_date=20260918T100800, end_date=20260918T100801
[2026-09-18T10:08:01.192+0000] {standard_task_runner.py:110} ERROR - Failed to execute job 217 for task updating (integer out of range
; 79)
[2026-09-18T10:08:01.225+0000] {local_task_job_runner.py:240} INFO - Task exited with return code 1
[2026-09-18T10:08:01.242+0000] {taskinstance.py:3503} INFO - 0 downstream tasks scheduled from follow-on schedule check
[2026-09-18T10:08:01.246+0000] {local_task_job_runner.py:222} INFO - ::endgroup::
