[2026-09-17T09:41:09.460+0000] {local_task_job_runner.py:120} INFO - ::group::Pre task execution logs
[2026-09-17T09:41:09.485+0000] {taskinstance.py:2076} INFO - Dependencies all met for dep_context=non-requeueable deps ti=<TaskInstance: youtube_extraction.extract_youtube_data scheduled__2026-09-16T00:00:00+00:00 [queued]>
[2026-09-17T09:41:09.495+0000] {taskinstance.py:2076} INFO - Dependencies all met for dep_context=requeueable deps ti=<TaskInstance: youtube_extraction.extract_youtube_data scheduled__2026-09-16T00:00:00+00:00 [queued]>
[2026-09-17T09:41:09.497+0000] {taskinstance.py:2306} INFO - Starting attempt 1 of 2
[2026-09-17T09:41:09.512+0000] {taskinstance.py:2330} INFO - Executing <Task(PythonOperator): extract_youtube_data> on 2026-09-16 00:00:00+00:00
[2026-09-17T09:41:09.518+0000] {standard_task_runner.py:63} INFO - Started process 130 to run task
[2026-09-17T09:41:09.523+0000] {standard_task_runner.py:90} INFO - Running: ['***', 'tasks', 'run', 'youtube_extraction', 'extract_youtube_data', 'scheduled__2026-09-16T00:00:00+00:00', '--job-id', '4', '--raw', '--subdir', 'DAGS_FOLDER/dag_extraction.py', '--cfg-path', '/tmp/tmpxagrn0_o']
[2026-09-17T09:41:09.526+0000] {standard_task_runner.py:91} INFO - Job 4: Subtask extract_youtube_data
[2026-09-17T09:41:09.582+0000] {task_command.py:426} INFO - Running <TaskInstance: youtube_extraction.extract_youtube_data scheduled__2026-09-16T00:00:00+00:00 [running]> on host b4ef02dd2284
[2026-09-17T09:41:09.662+0000] {taskinstance.py:2648} INFO - Exporting env vars: AIRFLOW_CTX_DAG_OWNER='***' AIRFLOW_CTX_DAG_ID='youtube_extraction' AIRFLOW_CTX_TASK_ID='extract_youtube_data' AIRFLOW_CTX_EXECUTION_DATE='2026-09-16T00:00:00+00:00' AIRFLOW_CTX_TRY_NUMBER='1' AIRFLOW_CTX_DAG_RUN_ID='scheduled__2026-09-16T00:00:00+00:00'
[2026-09-17T09:41:09.664+0000] {taskinstance.py:430} INFO - ::endgroup::
[2026-09-17T09:41:09.703+0000] {__init__.py:49} INFO - file_cache is only supported with oauth2client<4.0.0
[2026-09-17T09:41:17.050+0000] {logging_mixin.py:188} INFO - Données sauvegardées dans /opt/***/data/YTdata2026-09-17.json
[2026-09-17T09:41:17.051+0000] {python.py:237} INFO - Done. Returned value was: None
[2026-09-17T09:41:17.052+0000] {taskinstance.py:441} INFO - ::group::Post task execution logs
[2026-09-17T09:41:17.061+0000] {taskinstance.py:1206} INFO - Marking task as SUCCESS. dag_id=youtube_extraction, task_id=extract_youtube_data, run_id=scheduled__2026-09-16T00:00:00+00:00, execution_date=20260916T000000, start_date=20260917T094109, end_date=20260917T094117
[2026-09-17T09:41:17.102+0000] {local_task_job_runner.py:240} INFO - Task exited with return code 0
[2026-09-17T09:41:17.116+0000] {taskinstance.py:3503} INFO - 0 downstream tasks scheduled from follow-on schedule check
[2026-09-17T09:41:17.119+0000] {local_task_job_runner.py:222} INFO - ::endgroup::
[2026-09-17T10:59:03.616+0000] {local_task_job_runner.py:120} INFO - ::group::Pre task execution logs
[2026-09-17T10:59:03.640+0000] {taskinstance.py:2076} INFO - Dependencies all met for dep_context=non-requeueable deps ti=<TaskInstance: youtube_extraction.extract_youtube_data scheduled__2026-09-16T00:00:00+00:00 [queued]>
[2026-09-17T10:59:03.652+0000] {taskinstance.py:2076} INFO - Dependencies all met for dep_context=requeueable deps ti=<TaskInstance: youtube_extraction.extract_youtube_data scheduled__2026-09-16T00:00:00+00:00 [queued]>
[2026-09-17T10:59:03.653+0000] {taskinstance.py:2306} INFO - Starting attempt 1 of 2
[2026-09-17T10:59:03.666+0000] {taskinstance.py:2330} INFO - Executing <Task(PythonOperator): extract_youtube_data> on 2026-09-16 00:00:00+00:00
[2026-09-17T10:59:03.672+0000] {standard_task_runner.py:63} INFO - Started process 87 to run task
[2026-09-17T10:59:03.676+0000] {standard_task_runner.py:90} INFO - Running: ['***', 'tasks', 'run', 'youtube_extraction', 'extract_youtube_data', 'scheduled__2026-09-16T00:00:00+00:00', '--job-id', '6', '--raw', '--subdir', 'DAGS_FOLDER/dag_extraction.py', '--cfg-path', '/tmp/tmpo7rve5mr']
[2026-09-17T10:59:03.679+0000] {standard_task_runner.py:91} INFO - Job 6: Subtask extract_youtube_data
[2026-09-17T10:59:03.736+0000] {task_command.py:426} INFO - Running <TaskInstance: youtube_extraction.extract_youtube_data scheduled__2026-09-16T00:00:00+00:00 [running]> on host 4a66e67cd8a5
[2026-09-17T10:59:03.814+0000] {taskinstance.py:2648} INFO - Exporting env vars: AIRFLOW_CTX_DAG_OWNER='***' AIRFLOW_CTX_DAG_ID='youtube_extraction' AIRFLOW_CTX_TASK_ID='extract_youtube_data' AIRFLOW_CTX_EXECUTION_DATE='2026-09-16T00:00:00+00:00' AIRFLOW_CTX_TRY_NUMBER='1' AIRFLOW_CTX_DAG_RUN_ID='scheduled__2026-09-16T00:00:00+00:00'
[2026-09-17T10:59:03.816+0000] {taskinstance.py:430} INFO - ::endgroup::
[2026-09-17T10:59:03.839+0000] {__init__.py:49} INFO - file_cache is only supported with oauth2client<4.0.0
[2026-09-17T10:59:11.418+0000] {python.py:237} INFO - Done. Returned value was: None
[2026-09-17T10:59:11.421+0000] {taskinstance.py:441} INFO - ::group::Post task execution logs
[2026-09-17T10:59:11.436+0000] {taskinstance.py:1206} INFO - Marking task as SUCCESS. dag_id=youtube_extraction, task_id=extract_youtube_data, run_id=scheduled__2026-09-16T00:00:00+00:00, execution_date=20260916T000000, start_date=20260917T105903, end_date=20260917T105911
[2026-09-17T10:59:11.476+0000] {local_task_job_runner.py:240} INFO - Task exited with return code 0
[2026-09-17T10:59:11.498+0000] {taskinstance.py:3503} INFO - 0 downstream tasks scheduled from follow-on schedule check
[2026-09-17T10:59:11.501+0000] {local_task_job_runner.py:222} INFO - ::endgroup::
