[2026-09-17T14:27:19.014+0000] {local_task_job_runner.py:120} INFO - ::group::Pre task execution logs
[2026-09-17T14:27:19.034+0000] {taskinstance.py:2076} INFO - Dependencies all met for dep_context=non-requeueable deps ti=<TaskInstance: youtube_data_updating.load_staging manual__2026-09-17T14:22:15.549769+00:00 [queued]>
[2026-09-17T14:27:19.044+0000] {taskinstance.py:2076} INFO - Dependencies all met for dep_context=requeueable deps ti=<TaskInstance: youtube_data_updating.load_staging manual__2026-09-17T14:22:15.549769+00:00 [queued]>
[2026-09-17T14:27:19.045+0000] {taskinstance.py:2306} INFO - Starting attempt 2 of 2
[2026-09-17T14:27:19.058+0000] {taskinstance.py:2330} INFO - Executing <Task(PythonOperator): load_staging> on 2026-09-17 14:22:15.549769+00:00
[2026-09-17T14:27:19.064+0000] {standard_task_runner.py:63} INFO - Started process 1065 to run task
[2026-09-17T14:27:19.068+0000] {standard_task_runner.py:90} INFO - Running: ['***', 'tasks', 'run', 'youtube_data_updating', 'load_staging', 'manual__2026-09-17T14:22:15.549769+00:00', '--job-id', '92', '--raw', '--subdir', 'DAGS_FOLDER/dag_updating.py', '--cfg-path', '/tmp/tmph3njce7m']
[2026-09-17T14:27:19.070+0000] {standard_task_runner.py:91} INFO - Job 92: Subtask load_staging
[2026-09-17T14:27:19.119+0000] {task_command.py:426} INFO - Running <TaskInstance: youtube_data_updating.load_staging manual__2026-09-17T14:22:15.549769+00:00 [running]> on host 7819533a1447
[2026-09-17T14:27:19.189+0000] {taskinstance.py:2648} INFO - Exporting env vars: AIRFLOW_CTX_DAG_OWNER='***' AIRFLOW_CTX_DAG_ID='youtube_data_updating' AIRFLOW_CTX_TASK_ID='load_staging' AIRFLOW_CTX_EXECUTION_DATE='2026-09-17T14:22:15.549769+00:00' AIRFLOW_CTX_TRY_NUMBER='2' AIRFLOW_CTX_DAG_RUN_ID='manual__2026-09-17T14:22:15.549769+00:00'
[2026-09-17T14:27:19.190+0000] {taskinstance.py:430} INFO - ::endgroup::
[2026-09-17T14:27:19.214+0000] {logging_mixin.py:188} INFO - 444
[2026-09-17T14:27:19.224+0000] {taskinstance.py:441} INFO - ::group::Post task execution logs
[2026-09-17T14:27:19.233+0000] {taskinstance.py:2905} ERROR - Task failed with exception
Traceback (most recent call last):
  File "/home/airflow/.local/lib/python3.10/site-packages/airflow/models/taskinstance.py", line 465, in _execute_task
    result = _execute_callable(context=context, **execute_callable_kwargs)
  File "/home/airflow/.local/lib/python3.10/site-packages/airflow/models/taskinstance.py", line 432, in _execute_callable
    return execute_callable(context=context, **execute_callable_kwargs)
  File "/home/airflow/.local/lib/python3.10/site-packages/airflow/models/baseoperator.py", line 401, in wrapper
    return func(self, *args, **kwargs)
  File "/home/airflow/.local/lib/python3.10/site-packages/airflow/operators/python.py", line 235, in execute
    return_value = self.execute_callable()
  File "/home/airflow/.local/lib/python3.10/site-packages/airflow/operators/python.py", line 252, in execute_callable
    return self.python_callable(*self.op_args, **self.op_kwargs)
  File "/opt/airflow/scripts/staging.py", line 29, in staging
    hook.insert_rows(
  File "/home/airflow/.local/lib/python3.10/site-packages/airflow/providers/common/sql/hooks/sql.py", line 583, in insert_rows
    with self._create_autocommit_connection() as conn:
  File "/usr/local/lib/python3.10/contextlib.py", line 135, in __enter__
    return next(self.gen)
  File "/home/airflow/.local/lib/python3.10/site-packages/airflow/providers/common/sql/hooks/sql.py", line 551, in _create_autocommit_connection
    with closing(self.get_conn()) as conn:
  File "/home/airflow/.local/lib/python3.10/site-packages/airflow/providers/postgres/hooks/postgres.py", line 145, in get_conn
    conn = deepcopy(self.connection or self.get_connection(conn_id))
  File "/home/airflow/.local/lib/python3.10/site-packages/airflow/hooks/base.py", line 83, in get_connection
    conn = Connection.get_connection_from_secrets(conn_id)
  File "/home/airflow/.local/lib/python3.10/site-packages/airflow/models/connection.py", line 519, in get_connection_from_secrets
    raise AirflowNotFoundException(f"The conn_id `{conn_id}` isn't defined")
airflow.exceptions.AirflowNotFoundException: The conn_id `postgres_db_ytb_elt` isn't defined
[2026-09-17T14:27:19.243+0000] {taskinstance.py:1206} INFO - Marking task as FAILED. dag_id=youtube_data_updating, task_id=load_staging, run_id=manual__2026-09-17T14:22:15.549769+00:00, execution_date=20260917T142215, start_date=20260917T142719, end_date=20260917T142719
[2026-09-17T14:27:19.256+0000] {standard_task_runner.py:110} ERROR - Failed to execute job 92 for task load_staging (The conn_id `postgres_db_ytb_elt` isn't defined; 1065)
[2026-09-17T14:27:19.282+0000] {local_task_job_runner.py:240} INFO - Task exited with return code 1
[2026-09-17T14:27:19.296+0000] {taskinstance.py:3503} INFO - 0 downstream tasks scheduled from follow-on schedule check
[2026-09-17T14:27:19.299+0000] {local_task_job_runner.py:222} INFO - ::endgroup::
