[2026-09-17T10:39:13.971+0000] {local_task_job_runner.py:120} INFO - ::group::Pre task execution logs
[2026-09-17T10:39:13.995+0000] {taskinstance.py:2076} INFO - Dependencies all met for dep_context=non-requeueable deps ti=<TaskInstance: youtube_staging.extract_youtube_data scheduled__2026-09-16T00:00:00+00:00 [queued]>
[2026-09-17T10:39:14.004+0000] {taskinstance.py:2076} INFO - Dependencies all met for dep_context=requeueable deps ti=<TaskInstance: youtube_staging.extract_youtube_data scheduled__2026-09-16T00:00:00+00:00 [queued]>
[2026-09-17T10:39:14.005+0000] {taskinstance.py:2306} INFO - Starting attempt 1 of 2
[2026-09-17T10:39:14.019+0000] {taskinstance.py:2330} INFO - Executing <Task(PythonOperator): extract_youtube_data> on 2026-09-16 00:00:00+00:00
[2026-09-17T10:39:14.025+0000] {standard_task_runner.py:63} INFO - Started process 454 to run task
[2026-09-17T10:39:14.029+0000] {standard_task_runner.py:90} INFO - Running: ['***', 'tasks', 'run', 'youtube_staging', 'extract_youtube_data', 'scheduled__2026-09-16T00:00:00+00:00', '--job-id', '3', '--raw', '--subdir', 'DAGS_FOLDER/dag_staging.py', '--cfg-path', '/tmp/tmpqoyhzh86']
[2026-09-17T10:39:14.033+0000] {standard_task_runner.py:91} INFO - Job 3: Subtask extract_youtube_data
[2026-09-17T10:39:14.082+0000] {task_command.py:426} INFO - Running <TaskInstance: youtube_staging.extract_youtube_data scheduled__2026-09-16T00:00:00+00:00 [running]> on host 8deb451dd497
[2026-09-17T10:39:14.159+0000] {taskinstance.py:2648} INFO - Exporting env vars: AIRFLOW_CTX_DAG_OWNER='***' AIRFLOW_CTX_DAG_ID='youtube_staging' AIRFLOW_CTX_TASK_ID='extract_youtube_data' AIRFLOW_CTX_EXECUTION_DATE='2026-09-16T00:00:00+00:00' AIRFLOW_CTX_TRY_NUMBER='1' AIRFLOW_CTX_DAG_RUN_ID='scheduled__2026-09-16T00:00:00+00:00'
[2026-09-17T10:39:14.161+0000] {taskinstance.py:430} INFO - ::endgroup::
[2026-09-17T10:39:14.189+0000] {taskinstance.py:441} INFO - ::group::Post task execution logs
[2026-09-17T10:39:14.190+0000] {taskinstance.py:2905} ERROR - Task failed with exception
Traceback (most recent call last):
  File "/home/airflow/.local/lib/python3.10/site-packages/airflow/models/taskinstance.py", line 465, in _execute_task
    result = _execute_callable(context=context, **execute_callable_kwargs)
  File "/home/airflow/.local/lib/python3.10/site-packages/airflow/models/taskinstance.py", line 432, in _execute_callable
    return execute_callable(context=context, **execute_callable_kwargs)
  File "/home/airflow/.local/lib/python3.10/site-packages/airflow/models/baseoperator.py", line 401, in wrapper
    return func(self, *args, **kwargs)
  File "/home/airflow/.local/lib/python3.10/site-packages/airflow/operators/python.py", line 235, in execute
    return_value = self.execute_callable()
  File "/home/airflow/.local/lib/python3.10/site-packages/airflow/operators/python.py", line 252, in execute_callable
    return self.python_callable(*self.op_args, **self.op_kwargs)
  File "/opt/airflow/dags/dag_staging.py", line 16, in staging
    with open('YTdata2026-09-17.json', 'r', encoding='utf-8') as f:
FileNotFoundError: [Errno 2] No such file or directory: 'YTdata2026-09-17.json'
[2026-09-17T10:39:14.207+0000] {taskinstance.py:1206} INFO - Marking task as UP_FOR_RETRY. dag_id=youtube_staging, task_id=extract_youtube_data, run_id=scheduled__2026-09-16T00:00:00+00:00, execution_date=20260916T000000, start_date=20260917T103913, end_date=20260917T103914
[2026-09-17T10:39:14.220+0000] {standard_task_runner.py:110} ERROR - Failed to execute job 3 for task extract_youtube_data ([Errno 2] No such file or directory: 'YTdata2026-09-17.json'; 454)
[2026-09-17T10:39:14.244+0000] {local_task_job_runner.py:240} INFO - Task exited with return code 1
[2026-09-17T10:39:14.263+0000] {taskinstance.py:3503} INFO - 0 downstream tasks scheduled from follow-on schedule check
[2026-09-17T10:39:14.266+0000] {local_task_job_runner.py:222} INFO - ::endgroup::
