[2026-09-18T10:09:06.382+0000] {local_task_job_runner.py:120} INFO - ::group::Pre task execution logs
[2026-09-18T10:09:06.400+0000] {taskinstance.py:2076} INFO - Dependencies all met for dep_context=non-requeueable deps ti=<TaskInstance: youtube_data_updating.load_staging manual__2026-09-18T10:09:04+00:00 [queued]>
[2026-09-18T10:09:06.409+0000] {taskinstance.py:2076} INFO - Dependencies all met for dep_context=requeueable deps ti=<TaskInstance: youtube_data_updating.load_staging manual__2026-09-18T10:09:04+00:00 [queued]>
[2026-09-18T10:09:06.410+0000] {taskinstance.py:2306} INFO - Starting attempt 1 of 2
[2026-09-18T10:09:06.421+0000] {taskinstance.py:2330} INFO - Executing <Task(PythonOperator): load_staging> on 2026-09-18 10:09:04+00:00
[2026-09-18T10:09:06.427+0000] {standard_task_runner.py:63} INFO - Started process 96 to run task
[2026-09-18T10:09:06.431+0000] {standard_task_runner.py:90} INFO - Running: ['***', 'tasks', 'run', 'youtube_data_updating', 'load_staging', 'manual__2026-09-18T10:09:04+00:00', '--job-id', '218', '--raw', '--subdir', 'DAGS_FOLDER/dag_updating.py', '--cfg-path', '/tmp/tmppthof_y8']
[2026-09-18T10:09:06.434+0000] {standard_task_runner.py:91} INFO - Job 218: Subtask load_staging
[2026-09-18T10:09:06.482+0000] {task_command.py:426} INFO - Running <TaskInstance: youtube_data_updating.load_staging manual__2026-09-18T10:09:04+00:00 [running]> on host 428da72329dd
[2026-09-18T10:09:06.552+0000] {taskinstance.py:2648} INFO - Exporting env vars: AIRFLOW_CTX_DAG_OWNER='***' AIRFLOW_CTX_DAG_ID='youtube_data_updating' AIRFLOW_CTX_TASK_ID='load_staging' AIRFLOW_CTX_EXECUTION_DATE='2026-09-18T10:09:04+00:00' AIRFLOW_CTX_TRY_NUMBER='1' AIRFLOW_CTX_DAG_RUN_ID='manual__2026-09-18T10:09:04+00:00'
[2026-09-18T10:09:06.554+0000] {taskinstance.py:430} INFO - ::endgroup::
[2026-09-18T10:09:06.583+0000] {base.py:84} INFO - Using connection ID 'postgres_db_yt_elt' for task execution.
[2026-09-18T10:09:06.589+0000] {base.py:84} INFO - Using connection ID 'postgres_db_yt_elt' for task execution.
[2026-09-18T10:09:06.652+0000] {sql.py:598} INFO - Loaded 444 rows into staging so far
[2026-09-18T10:09:06.653+0000] {sql.py:611} INFO - Done loading. Loaded a total of 444 rows into staging
[2026-09-18T10:09:06.654+0000] {python.py:237} INFO - Done. Returned value was: None
[2026-09-18T10:09:06.655+0000] {taskinstance.py:441} INFO - ::group::Post task execution logs
[2026-09-18T10:09:06.663+0000] {taskinstance.py:1206} INFO - Marking task as SUCCESS. dag_id=youtube_data_updating, task_id=load_staging, run_id=manual__2026-09-18T10:09:04+00:00, execution_date=20260918T100904, start_date=20260918T100906, end_date=20260918T100906
[2026-09-18T10:09:06.686+0000] {local_task_job_runner.py:240} INFO - Task exited with return code 0
[2026-09-18T10:09:06.709+0000] {taskinstance.py:3503} INFO - 1 downstream tasks scheduled from follow-on schedule check
[2026-09-18T10:09:06.713+0000] {local_task_job_runner.py:222} INFO - ::endgroup::
