[2026-09-17T11:17:27.700+0000] {local_task_job_runner.py:120} INFO - ::group::Pre task execution logs
[2026-09-17T11:17:27.726+0000] {taskinstance.py:2076} INFO - Dependencies all met for dep_context=non-requeueable deps ti=<TaskInstance: youtube_extraction.extract_youtube_data manual__2026-09-17T11:17:26.894733+00:00 [queued]>
[2026-09-17T11:17:27.738+0000] {taskinstance.py:2076} INFO - Dependencies all met for dep_context=requeueable deps ti=<TaskInstance: youtube_extraction.extract_youtube_data manual__2026-09-17T11:17:26.894733+00:00 [queued]>
[2026-09-17T11:17:27.741+0000] {taskinstance.py:2306} INFO - Starting attempt 1 of 2
[2026-09-17T11:17:27.756+0000] {taskinstance.py:2330} INFO - Executing <Task(PythonOperator): extract_youtube_data> on 2026-09-17 11:17:26.894733+00:00
[2026-09-17T11:17:27.764+0000] {standard_task_runner.py:63} INFO - Started process 271 to run task
[2026-09-17T11:17:27.770+0000] {standard_task_runner.py:90} INFO - Running: ['***', 'tasks', 'run', 'youtube_extraction', 'extract_youtube_data', 'manual__2026-09-17T11:17:26.894733+00:00', '--job-id', '16', '--raw', '--subdir', 'DAGS_FOLDER/dag_extraction.py', '--cfg-path', '/tmp/tmpo7wphppl']
[2026-09-17T11:17:27.774+0000] {standard_task_runner.py:91} INFO - Job 16: Subtask extract_youtube_data
[2026-09-17T11:17:27.834+0000] {task_command.py:426} INFO - Running <TaskInstance: youtube_extraction.extract_youtube_data manual__2026-09-17T11:17:26.894733+00:00 [running]> on host ea0906cf7650
[2026-09-17T11:17:27.927+0000] {taskinstance.py:2648} INFO - Exporting env vars: AIRFLOW_CTX_DAG_OWNER='***' AIRFLOW_CTX_DAG_ID='youtube_extraction' AIRFLOW_CTX_TASK_ID='extract_youtube_data' AIRFLOW_CTX_EXECUTION_DATE='2026-09-17T11:17:26.894733+00:00' AIRFLOW_CTX_TRY_NUMBER='1' AIRFLOW_CTX_DAG_RUN_ID='manual__2026-09-17T11:17:26.894733+00:00'
[2026-09-17T11:17:27.931+0000] {taskinstance.py:430} INFO - ::endgroup::
[2026-09-17T11:17:27.951+0000] {__init__.py:49} INFO - file_cache is only supported with oauth2client<4.0.0
[2026-09-17T11:17:31.985+0000] {taskinstance.py:441} INFO - ::group::Post task execution logs
[2026-09-17T11:17:31.988+0000] {taskinstance.py:2905} ERROR - Task failed with exception
Traceback (most recent call last):
  File "/home/airflow/.local/lib/python3.10/site-packages/httplib2/__init__.py", line 1366, in _conn_request
    conn.connect()
  File "/home/airflow/.local/lib/python3.10/site-packages/httplib2/__init__.py", line 1142, in connect
    address_info = socket.getaddrinfo(host, port, 0, socket.SOCK_STREAM)
  File "/usr/local/lib/python3.10/socket.py", line 955, in getaddrinfo
    for res in _socket.getaddrinfo(host, port, family, type, proto, flags):
socket.gaierror: [Errno -5] No address associated with hostname

During handling of the above exception, another exception occurred:

Traceback (most recent call last):
  File "/home/airflow/.local/lib/python3.10/site-packages/airflow/models/taskinstance.py", line 465, in _execute_task
    result = _execute_callable(context=context, **execute_callable_kwargs)
  File "/home/airflow/.local/lib/python3.10/site-packages/airflow/models/taskinstance.py", line 432, in _execute_callable
    return execute_callable(context=context, **execute_callable_kwargs)
  File "/home/airflow/.local/lib/python3.10/site-packages/airflow/models/baseoperator.py", line 401, in wrapper
    return func(self, *args, **kwargs)
  File "/home/airflow/.local/lib/python3.10/site-packages/airflow/operators/python.py", line 235, in execute
    return_value = self.execute_callable()
  File "/home/airflow/.local/lib/python3.10/site-packages/airflow/operators/python.py", line 252, in execute_callable
    return self.python_callable(*self.op_args, **self.op_kwargs)
  File "/opt/airflow/scripts/extraction.py", line 19, in extract_youtube_data
    ).execute()
  File "/home/airflow/.local/lib/python3.10/site-packages/googleapiclient/_helpers.py", line 130, in positional_wrapper
    return wrapped(*args, **kwargs)
  File "/home/airflow/.local/lib/python3.10/site-packages/googleapiclient/http.py", line 923, in execute
    resp, content = _retry_request(
  File "/home/airflow/.local/lib/python3.10/site-packages/googleapiclient/http.py", line 222, in _retry_request
    raise exception
  File "/home/airflow/.local/lib/python3.10/site-packages/googleapiclient/http.py", line 191, in _retry_request
    resp, content = http.request(uri, method, *args, **kwargs)
  File "/home/airflow/.local/lib/python3.10/site-packages/httplib2/__init__.py", line 1724, in request
    (response, content) = self._request(
  File "/home/airflow/.local/lib/python3.10/site-packages/httplib2/__init__.py", line 1444, in _request
    (response, content) = self._conn_request(conn, request_uri, method, body, headers)
  File "/home/airflow/.local/lib/python3.10/site-packages/httplib2/__init__.py", line 1373, in _conn_request
    raise ServerNotFoundError("Unable to find the server at %s" % conn.host)
httplib2.error.ServerNotFoundError: Unable to find the server at youtube.googleapis.com
[2026-09-17T11:17:32.006+0000] {taskinstance.py:1206} INFO - Marking task as UP_FOR_RETRY. dag_id=youtube_extraction, task_id=extract_youtube_data, run_id=manual__2026-09-17T11:17:26.894733+00:00, execution_date=20260917T111726, start_date=20260917T111727, end_date=20260917T111732
[2026-09-17T11:17:32.018+0000] {standard_task_runner.py:110} ERROR - Failed to execute job 16 for task extract_youtube_data (Unable to find the server at youtube.googleapis.com; 271)
[2026-09-17T11:17:32.055+0000] {local_task_job_runner.py:240} INFO - Task exited with return code 1
[2026-09-17T11:17:32.076+0000] {taskinstance.py:3503} INFO - 0 downstream tasks scheduled from follow-on schedule check
[2026-09-17T11:17:32.079+0000] {local_task_job_runner.py:222} INFO - ::endgroup::
