[2026-09-17T11:44:46.045+0000] {local_task_job_runner.py:120} INFO - ::group::Pre task execution logs
[2026-09-17T11:44:46.130+0000] {taskinstance.py:2076} INFO - Dependencies all met for dep_context=non-requeueable deps ti=<TaskInstance: youtube_staging.load_staging manual__2026-09-17T11:22:40.646744+00:00 [queued]>
[2026-09-17T11:44:46.195+0000] {taskinstance.py:2076} INFO - Dependencies all met for dep_context=requeueable deps ti=<TaskInstance: youtube_staging.load_staging manual__2026-09-17T11:22:40.646744+00:00 [queued]>
[2026-09-17T11:44:46.200+0000] {taskinstance.py:2306} INFO - Starting attempt 2 of 2
[2026-09-17T11:44:46.239+0000] {taskinstance.py:2330} INFO - Executing <Task(PythonOperator): load_staging> on 2026-09-17 11:22:40.646744+00:00
[2026-09-17T11:44:46.273+0000] {standard_task_runner.py:90} INFO - Running: ['***', 'tasks', 'run', 'youtube_staging', 'load_staging', 'manual__2026-09-17T11:22:40.646744+00:00', '--job-id', '34', '--raw', '--subdir', 'DAGS_FOLDER/dag_staging.py', '--cfg-path', '/tmp/tmp7tc6261f']
[2026-09-17T11:44:46.277+0000] {standard_task_runner.py:91} INFO - Job 34: Subtask load_staging
[2026-09-17T11:44:46.267+0000] {standard_task_runner.py:63} INFO - Started process 158 to run task
[2026-09-17T11:44:46.431+0000] {task_command.py:426} INFO - Running <TaskInstance: youtube_staging.load_staging manual__2026-09-17T11:22:40.646744+00:00 [running]> on host ffe8fc98cf50
[2026-09-17T11:44:46.628+0000] {taskinstance.py:2648} INFO - Exporting env vars: AIRFLOW_CTX_DAG_OWNER='***' AIRFLOW_CTX_DAG_ID='youtube_staging' AIRFLOW_CTX_TASK_ID='load_staging' AIRFLOW_CTX_EXECUTION_DATE='2026-09-17T11:22:40.646744+00:00' AIRFLOW_CTX_TRY_NUMBER='2' AIRFLOW_CTX_DAG_RUN_ID='manual__2026-09-17T11:22:40.646744+00:00'
[2026-09-17T11:44:46.641+0000] {taskinstance.py:430} INFO - ::endgroup::
[2026-09-17T11:44:46.763+0000] {taskinstance.py:441} INFO - ::group::Post task execution logs
[2026-09-17T11:44:46.769+0000] {taskinstance.py:2905} ERROR - Task failed with exception
Traceback (most recent call last):
  File "/home/airflow/.local/lib/python3.10/site-packages/airflow/models/taskinstance.py", line 465, in _execute_task
    result = _execute_callable(context=context, **execute_callable_kwargs)
  File "/home/airflow/.local/lib/python3.10/site-packages/airflow/models/taskinstance.py", line 432, in _execute_callable
    return execute_callable(context=context, **execute_callable_kwargs)
  File "/home/airflow/.local/lib/python3.10/site-packages/airflow/models/baseoperator.py", line 401, in wrapper
    return func(self, *args, **kwargs)
  File "/home/airflow/.local/lib/python3.10/site-packages/airflow/operators/python.py", line 235, in execute
    return_value = self.execute_callable()
  File "/home/airflow/.local/lib/python3.10/site-packages/airflow/operators/python.py", line 252, in execute_callable
    return self.python_callable(*self.op_args, **self.op_kwargs)
  File "/opt/airflow/scripts/staging.py", line 33, in staging
    cur.execute("""
psycopg2.errors.InvalidColumnReference: there is no unique or exclusion constraint matching the ON CONFLICT specification

[2026-09-17T11:44:46.798+0000] {taskinstance.py:1206} INFO - Marking task as FAILED. dag_id=youtube_staging, task_id=load_staging, run_id=manual__2026-09-17T11:22:40.646744+00:00, execution_date=20260917T112240, start_date=20260917T114446, end_date=20260917T114446
[2026-09-17T11:44:46.846+0000] {standard_task_runner.py:110} ERROR - Failed to execute job 34 for task load_staging (there is no unique or exclusion constraint matching the ON CONFLICT specification
; 158)
[2026-09-17T11:44:46.902+0000] {local_task_job_runner.py:240} INFO - Task exited with return code 1
[2026-09-17T11:44:46.937+0000] {taskinstance.py:3503} INFO - 0 downstream tasks scheduled from follow-on schedule check
[2026-09-17T11:44:46.941+0000] {local_task_job_runner.py:222} INFO - ::endgroup::
