[2026-09-17T19:45:15.188+0000] {local_task_job_runner.py:120} INFO - ::group::Pre task execution logs
[2026-09-17T19:45:15.220+0000] {taskinstance.py:2076} INFO - Dependencies all met for dep_context=non-requeueable deps ti=<TaskInstance: youtube_extraction.get_videos_details manual__2026-09-17T19:45:03.003582+00:00 [queued]>
[2026-09-17T19:45:15.234+0000] {taskinstance.py:2076} INFO - Dependencies all met for dep_context=requeueable deps ti=<TaskInstance: youtube_extraction.get_videos_details manual__2026-09-17T19:45:03.003582+00:00 [queued]>
[2026-09-17T19:45:15.236+0000] {taskinstance.py:2306} INFO - Starting attempt 1 of 2
[2026-09-17T19:45:15.263+0000] {taskinstance.py:2330} INFO - Executing <Task(PythonOperator): get_videos_details> on 2026-09-17 19:45:03.003582+00:00
[2026-09-17T19:45:15.270+0000] {standard_task_runner.py:63} INFO - Started process 95 to run task
[2026-09-17T19:45:15.276+0000] {standard_task_runner.py:90} INFO - Running: ['***', 'tasks', 'run', 'youtube_extraction', 'get_videos_details', 'manual__2026-09-17T19:45:03.003582+00:00', '--job-id', '160', '--raw', '--subdir', 'DAGS_FOLDER/dag_extraction.py', '--cfg-path', '/tmp/tmpv5hzvnv0']
[2026-09-17T19:45:15.284+0000] {standard_task_runner.py:91} INFO - Job 160: Subtask get_videos_details
[2026-09-17T19:45:15.370+0000] {task_command.py:426} INFO - Running <TaskInstance: youtube_extraction.get_videos_details manual__2026-09-17T19:45:03.003582+00:00 [running]> on host 67055e1104cf
[2026-09-17T19:45:15.488+0000] {taskinstance.py:2648} INFO - Exporting env vars: AIRFLOW_CTX_DAG_OWNER='***' AIRFLOW_CTX_DAG_ID='youtube_extraction' AIRFLOW_CTX_TASK_ID='get_videos_details' AIRFLOW_CTX_EXECUTION_DATE='2026-09-17T19:45:03.003582+00:00' AIRFLOW_CTX_TRY_NUMBER='1' AIRFLOW_CTX_DAG_RUN_ID='manual__2026-09-17T19:45:03.003582+00:00'
[2026-09-17T19:45:15.490+0000] {taskinstance.py:430} INFO - ::endgroup::
[2026-09-17T19:45:15.508+0000] {taskinstance.py:441} INFO - ::group::Post task execution logs
[2026-09-17T19:45:15.511+0000] {taskinstance.py:2905} ERROR - Task failed with exception
Traceback (most recent call last):
  File "/home/airflow/.local/lib/python3.10/site-packages/airflow/models/taskinstance.py", line 465, in _execute_task
    result = _execute_callable(context=context, **execute_callable_kwargs)
  File "/home/airflow/.local/lib/python3.10/site-packages/airflow/models/taskinstance.py", line 432, in _execute_callable
    return execute_callable(context=context, **execute_callable_kwargs)
  File "/home/airflow/.local/lib/python3.10/site-packages/airflow/models/baseoperator.py", line 401, in wrapper
    return func(self, *args, **kwargs)
  File "/home/airflow/.local/lib/python3.10/site-packages/airflow/operators/python.py", line 235, in execute
    return_value = self.execute_callable()
  File "/home/airflow/.local/lib/python3.10/site-packages/airflow/operators/python.py", line 252, in execute_callable
    return self.python_callable(*self.op_args, **self.op_kwargs)
TypeError: get_videos_details() missing 2 required positional arguments: 'youtube' and 'video_ids'
[2026-09-17T19:45:15.524+0000] {taskinstance.py:1206} INFO - Marking task as UP_FOR_RETRY. dag_id=youtube_extraction, task_id=get_videos_details, run_id=manual__2026-09-17T19:45:03.003582+00:00, execution_date=20260917T194503, start_date=20260917T194515, end_date=20260917T194515
[2026-09-17T19:45:15.537+0000] {standard_task_runner.py:110} ERROR - Failed to execute job 160 for task get_videos_details (get_videos_details() missing 2 required positional arguments: 'youtube' and 'video_ids'; 95)
[2026-09-17T19:45:15.573+0000] {local_task_job_runner.py:240} INFO - Task exited with return code 1
[2026-09-17T19:45:15.599+0000] {taskinstance.py:3503} INFO - 0 downstream tasks scheduled from follow-on schedule check
[2026-09-17T19:45:15.602+0000] {local_task_job_runner.py:222} INFO - ::endgroup::
