[2026-09-18T08:43:14.155+0000] {local_task_job_runner.py:120} INFO - ::group::Pre task execution logs
[2026-09-18T08:43:14.180+0000] {taskinstance.py:2076} INFO - Dependencies all met for dep_context=non-requeueable deps ti=<TaskInstance: youtube_data_updating.load_staging manual__2026-09-18T08:43:13.267330+00:00 [queued]>
[2026-09-18T08:43:14.192+0000] {taskinstance.py:2076} INFO - Dependencies all met for dep_context=requeueable deps ti=<TaskInstance: youtube_data_updating.load_staging manual__2026-09-18T08:43:13.267330+00:00 [queued]>
[2026-09-18T08:43:14.193+0000] {taskinstance.py:2306} INFO - Starting attempt 1 of 2
[2026-09-18T08:43:14.208+0000] {taskinstance.py:2330} INFO - Executing <Task(PythonOperator): load_staging> on 2026-09-18 08:43:13.267330+00:00
[2026-09-18T08:43:14.214+0000] {standard_task_runner.py:63} INFO - Started process 83 to run task
[2026-09-18T08:43:14.217+0000] {standard_task_runner.py:90} INFO - Running: ['***', 'tasks', 'run', 'youtube_data_updating', 'load_staging', 'manual__2026-09-18T08:43:13.267330+00:00', '--job-id', '203', '--raw', '--subdir', 'DAGS_FOLDER/dag_updating.py', '--cfg-path', '/tmp/tmpxmuq_6lk']
[2026-09-18T08:43:14.218+0000] {standard_task_runner.py:91} INFO - Job 203: Subtask load_staging
[2026-09-18T08:43:14.267+0000] {task_command.py:426} INFO - Running <TaskInstance: youtube_data_updating.load_staging manual__2026-09-18T08:43:13.267330+00:00 [running]> on host a6015b7a079b
[2026-09-18T08:43:14.344+0000] {taskinstance.py:2648} INFO - Exporting env vars: AIRFLOW_CTX_DAG_OWNER='***' AIRFLOW_CTX_DAG_ID='youtube_data_updating' AIRFLOW_CTX_TASK_ID='load_staging' AIRFLOW_CTX_EXECUTION_DATE='2026-09-18T08:43:13.267330+00:00' AIRFLOW_CTX_TRY_NUMBER='1' AIRFLOW_CTX_DAG_RUN_ID='manual__2026-09-18T08:43:13.267330+00:00'
[2026-09-18T08:43:14.345+0000] {taskinstance.py:430} INFO - ::endgroup::
[2026-09-18T08:43:14.364+0000] {logging_mixin.py:188} INFO - 444
[2026-09-18T08:43:14.373+0000] {base.py:84} INFO - Using connection ID 'postgres_db_yt_elt' for task execution.
[2026-09-18T08:43:14.379+0000] {base.py:84} INFO - Using connection ID 'postgres_db_yt_elt' for task execution.
[2026-09-18T08:43:14.452+0000] {sql.py:598} INFO - Loaded 444 rows into staging so far
[2026-09-18T08:43:14.453+0000] {sql.py:611} INFO - Done loading. Loaded a total of 444 rows into staging
[2026-09-18T08:43:14.457+0000] {python.py:237} INFO - Done. Returned value was: None
[2026-09-18T08:43:14.458+0000] {taskinstance.py:441} INFO - ::group::Post task execution logs
[2026-09-18T08:43:14.475+0000] {taskinstance.py:1206} INFO - Marking task as SUCCESS. dag_id=youtube_data_updating, task_id=load_staging, run_id=manual__2026-09-18T08:43:13.267330+00:00, execution_date=20260918T084313, start_date=20260918T084314, end_date=20260918T084314
[2026-09-18T08:43:14.512+0000] {local_task_job_runner.py:240} INFO - Task exited with return code 0
[2026-09-18T08:43:14.530+0000] {taskinstance.py:3503} INFO - 0 downstream tasks scheduled from follow-on schedule check
[2026-09-18T08:43:14.533+0000] {local_task_job_runner.py:222} INFO - ::endgroup::
