[2026-09-18T10:18:06.102+0000] {local_task_job_runner.py:120} INFO - ::group::Pre task execution logs
[2026-09-18T10:18:06.122+0000] {taskinstance.py:2076} INFO - Dependencies all met for dep_context=non-requeueable deps ti=<TaskInstance: youtube_data_updating.updating manual__2026-09-18T10:18:01.143912+00:00 [queued]>
[2026-09-18T10:18:06.130+0000] {taskinstance.py:2076} INFO - Dependencies all met for dep_context=requeueable deps ti=<TaskInstance: youtube_data_updating.updating manual__2026-09-18T10:18:01.143912+00:00 [queued]>
[2026-09-18T10:18:06.131+0000] {taskinstance.py:2306} INFO - Starting attempt 1 of 2
[2026-09-18T10:18:06.145+0000] {taskinstance.py:2330} INFO - Executing <Task(PythonOperator): updating> on 2026-09-18 10:18:01.143912+00:00
[2026-09-18T10:18:06.153+0000] {standard_task_runner.py:63} INFO - Started process 236 to run task
[2026-09-18T10:18:06.156+0000] {standard_task_runner.py:90} INFO - Running: ['***', 'tasks', 'run', 'youtube_data_updating', 'updating', 'manual__2026-09-18T10:18:01.143912+00:00', '--job-id', '225', '--raw', '--subdir', 'DAGS_FOLDER/dag_updating.py', '--cfg-path', '/tmp/tmpi2uaupda']
[2026-09-18T10:18:06.159+0000] {standard_task_runner.py:91} INFO - Job 225: Subtask updating
[2026-09-18T10:18:06.209+0000] {task_command.py:426} INFO - Running <TaskInstance: youtube_data_updating.updating manual__2026-09-18T10:18:01.143912+00:00 [running]> on host 428da72329dd
[2026-09-18T10:18:06.280+0000] {taskinstance.py:2648} INFO - Exporting env vars: AIRFLOW_CTX_DAG_OWNER='***' AIRFLOW_CTX_DAG_ID='youtube_data_updating' AIRFLOW_CTX_TASK_ID='updating' AIRFLOW_CTX_EXECUTION_DATE='2026-09-18T10:18:01.143912+00:00' AIRFLOW_CTX_TRY_NUMBER='1' AIRFLOW_CTX_DAG_RUN_ID='manual__2026-09-18T10:18:01.143912+00:00'
[2026-09-18T10:18:06.282+0000] {taskinstance.py:430} INFO - ::endgroup::
[2026-09-18T10:18:06.311+0000] {base.py:84} INFO - Using connection ID 'postgres_db_yt_elt' for task execution.
[2026-09-18T10:18:06.318+0000] {base.py:84} INFO - Using connection ID 'postgres_db_yt_elt' for task execution.
[2026-09-18T10:18:06.388+0000] {sql.py:598} INFO - Loaded 444 rows into core so far
[2026-09-18T10:18:06.389+0000] {sql.py:611} INFO - Done loading. Loaded a total of 444 rows into core
[2026-09-18T10:18:06.390+0000] {python.py:237} INFO - Done. Returned value was: None
[2026-09-18T10:18:06.390+0000] {taskinstance.py:441} INFO - ::group::Post task execution logs
[2026-09-18T10:18:06.398+0000] {taskinstance.py:1206} INFO - Marking task as SUCCESS. dag_id=youtube_data_updating, task_id=updating, run_id=manual__2026-09-18T10:18:01.143912+00:00, execution_date=20260918T101801, start_date=20260918T101806, end_date=20260918T101806
[2026-09-18T10:18:06.452+0000] {local_task_job_runner.py:240} INFO - Task exited with return code 0
[2026-09-18T10:18:06.470+0000] {taskinstance.py:3503} INFO - 0 downstream tasks scheduled from follow-on schedule check
[2026-09-18T10:18:06.475+0000] {local_task_job_runner.py:222} INFO - ::endgroup::
