[2026-09-18T10:09:08.688+0000] {local_task_job_runner.py:120} INFO - ::group::Pre task execution logs
[2026-09-18T10:09:08.711+0000] {taskinstance.py:2076} INFO - Dependencies all met for dep_context=non-requeueable deps ti=<TaskInstance: youtube_data_updating.updating manual__2026-09-18T10:09:04+00:00 [queued]>
[2026-09-18T10:09:08.719+0000] {taskinstance.py:2076} INFO - Dependencies all met for dep_context=requeueable deps ti=<TaskInstance: youtube_data_updating.updating manual__2026-09-18T10:09:04+00:00 [queued]>
[2026-09-18T10:09:08.720+0000] {taskinstance.py:2306} INFO - Starting attempt 1 of 2
[2026-09-18T10:09:08.736+0000] {taskinstance.py:2330} INFO - Executing <Task(PythonOperator): updating> on 2026-09-18 10:09:04+00:00
[2026-09-18T10:09:08.745+0000] {standard_task_runner.py:63} INFO - Started process 102 to run task
[2026-09-18T10:09:08.749+0000] {standard_task_runner.py:90} INFO - Running: ['***', 'tasks', 'run', 'youtube_data_updating', 'updating', 'manual__2026-09-18T10:09:04+00:00', '--job-id', '220', '--raw', '--subdir', 'DAGS_FOLDER/dag_updating.py', '--cfg-path', '/tmp/tmppcmeoysq']
[2026-09-18T10:09:08.752+0000] {standard_task_runner.py:91} INFO - Job 220: Subtask updating
[2026-09-18T10:09:08.809+0000] {task_command.py:426} INFO - Running <TaskInstance: youtube_data_updating.updating manual__2026-09-18T10:09:04+00:00 [running]> on host 428da72329dd
[2026-09-18T10:09:08.893+0000] {taskinstance.py:2648} INFO - Exporting env vars: AIRFLOW_CTX_DAG_OWNER='***' AIRFLOW_CTX_DAG_ID='youtube_data_updating' AIRFLOW_CTX_TASK_ID='updating' AIRFLOW_CTX_EXECUTION_DATE='2026-09-18T10:09:04+00:00' AIRFLOW_CTX_TRY_NUMBER='1' AIRFLOW_CTX_DAG_RUN_ID='manual__2026-09-18T10:09:04+00:00'
[2026-09-18T10:09:08.895+0000] {taskinstance.py:430} INFO - ::endgroup::
[2026-09-18T10:09:08.931+0000] {base.py:84} INFO - Using connection ID 'postgres_db_yt_elt' for task execution.
[2026-09-18T10:09:08.938+0000] {base.py:84} INFO - Using connection ID 'postgres_db_yt_elt' for task execution.
[2026-09-18T10:09:08.988+0000] {taskinstance.py:441} INFO - ::group::Post task execution logs
[2026-09-18T10:09:08.991+0000] {taskinstance.py:2905} ERROR - Task failed with exception
Traceback (most recent call last):
  File "/home/airflow/.local/lib/python3.10/site-packages/airflow/models/taskinstance.py", line 465, in _execute_task
    result = _execute_callable(context=context, **execute_callable_kwargs)
  File "/home/airflow/.local/lib/python3.10/site-packages/airflow/models/taskinstance.py", line 432, in _execute_callable
    return execute_callable(context=context, **execute_callable_kwargs)
  File "/home/airflow/.local/lib/python3.10/site-packages/airflow/models/baseoperator.py", line 401, in wrapper
    return func(self, *args, **kwargs)
  File "/home/airflow/.local/lib/python3.10/site-packages/airflow/operators/python.py", line 235, in execute
    return_value = self.execute_callable()
  File "/home/airflow/.local/lib/python3.10/site-packages/airflow/operators/python.py", line 252, in execute_callable
    return self.python_callable(*self.op_args, **self.op_kwargs)
  File "/opt/airflow/scripts/core_updating.py", line 8, in updating
    hook.insert_rows(
  File "/home/airflow/.local/lib/python3.10/site-packages/airflow/providers/common/sql/hooks/sql.py", line 596, in insert_rows
    cur.executemany(sql, values)
psycopg2.errors.NumericValueOutOfRange: integer out of range

[2026-09-18T10:09:09.002+0000] {taskinstance.py:1206} INFO - Marking task as UP_FOR_RETRY. dag_id=youtube_data_updating, task_id=updating, run_id=manual__2026-09-18T10:09:04+00:00, execution_date=20260918T100904, start_date=20260918T100908, end_date=20260918T100909
[2026-09-18T10:09:09.016+0000] {standard_task_runner.py:110} ERROR - Failed to execute job 220 for task updating (integer out of range
; 102)
[2026-09-18T10:09:09.044+0000] {local_task_job_runner.py:240} INFO - Task exited with return code 1
[2026-09-18T10:09:09.061+0000] {taskinstance.py:3503} INFO - 0 downstream tasks scheduled from follow-on schedule check
[2026-09-18T10:09:09.064+0000] {local_task_job_runner.py:222} INFO - ::endgroup::
