[2026-09-18T10:14:09.896+0000] {local_task_job_runner.py:120} INFO - ::group::Pre task execution logs
[2026-09-18T10:14:09.921+0000] {taskinstance.py:2076} INFO - Dependencies all met for dep_context=non-requeueable deps ti=<TaskInstance: youtube_data_updating.updating manual__2026-09-18T10:09:04+00:00 [queued]>
[2026-09-18T10:14:09.929+0000] {taskinstance.py:2076} INFO - Dependencies all met for dep_context=requeueable deps ti=<TaskInstance: youtube_data_updating.updating manual__2026-09-18T10:09:04+00:00 [queued]>
[2026-09-18T10:14:09.931+0000] {taskinstance.py:2306} INFO - Starting attempt 2 of 2
[2026-09-18T10:14:09.943+0000] {taskinstance.py:2330} INFO - Executing <Task(PythonOperator): updating> on 2026-09-18 10:09:04+00:00
[2026-09-18T10:14:09.950+0000] {standard_task_runner.py:63} INFO - Started process 171 to run task
[2026-09-18T10:14:09.954+0000] {standard_task_runner.py:90} INFO - Running: ['***', 'tasks', 'run', 'youtube_data_updating', 'updating', 'manual__2026-09-18T10:09:04+00:00', '--job-id', '222', '--raw', '--subdir', 'DAGS_FOLDER/dag_updating.py', '--cfg-path', '/tmp/tmpptacwvmi']
[2026-09-18T10:14:09.958+0000] {standard_task_runner.py:91} INFO - Job 222: Subtask updating
[2026-09-18T10:14:10.005+0000] {task_command.py:426} INFO - Running <TaskInstance: youtube_data_updating.updating manual__2026-09-18T10:09:04+00:00 [running]> on host 428da72329dd
[2026-09-18T10:14:10.120+0000] {taskinstance.py:2648} INFO - Exporting env vars: AIRFLOW_CTX_DAG_OWNER='***' AIRFLOW_CTX_DAG_ID='youtube_data_updating' AIRFLOW_CTX_TASK_ID='updating' AIRFLOW_CTX_EXECUTION_DATE='2026-09-18T10:09:04+00:00' AIRFLOW_CTX_TRY_NUMBER='2' AIRFLOW_CTX_DAG_RUN_ID='manual__2026-09-18T10:09:04+00:00'
[2026-09-18T10:14:10.124+0000] {taskinstance.py:430} INFO - ::endgroup::
[2026-09-18T10:14:10.164+0000] {base.py:84} INFO - Using connection ID 'postgres_db_yt_elt' for task execution.
[2026-09-18T10:14:10.170+0000] {base.py:84} INFO - Using connection ID 'postgres_db_yt_elt' for task execution.
[2026-09-18T10:14:10.214+0000] {taskinstance.py:441} INFO - ::group::Post task execution logs
[2026-09-18T10:14:10.215+0000] {taskinstance.py:2905} ERROR - Task failed with exception
Traceback (most recent call last):
  File "/home/airflow/.local/lib/python3.10/site-packages/airflow/models/taskinstance.py", line 465, in _execute_task
    result = _execute_callable(context=context, **execute_callable_kwargs)
  File "/home/airflow/.local/lib/python3.10/site-packages/airflow/models/taskinstance.py", line 432, in _execute_callable
    return execute_callable(context=context, **execute_callable_kwargs)
  File "/home/airflow/.local/lib/python3.10/site-packages/airflow/models/baseoperator.py", line 401, in wrapper
    return func(self, *args, **kwargs)
  File "/home/airflow/.local/lib/python3.10/site-packages/airflow/operators/python.py", line 235, in execute
    return_value = self.execute_callable()
  File "/home/airflow/.local/lib/python3.10/site-packages/airflow/operators/python.py", line 252, in execute_callable
    return self.python_callable(*self.op_args, **self.op_kwargs)
  File "/opt/airflow/scripts/core_updating.py", line 8, in updating
    hook.insert_rows(
  File "/home/airflow/.local/lib/python3.10/site-packages/airflow/providers/common/sql/hooks/sql.py", line 596, in insert_rows
    cur.executemany(sql, values)
psycopg2.errors.NumericValueOutOfRange: integer out of range

[2026-09-18T10:14:10.228+0000] {taskinstance.py:1206} INFO - Marking task as FAILED. dag_id=youtube_data_updating, task_id=updating, run_id=manual__2026-09-18T10:09:04+00:00, execution_date=20260918T100904, start_date=20260918T101409, end_date=20260918T101410
[2026-09-18T10:14:10.239+0000] {standard_task_runner.py:110} ERROR - Failed to execute job 222 for task updating (integer out of range
; 171)
[2026-09-18T10:14:10.249+0000] {local_task_job_runner.py:240} INFO - Task exited with return code 1
[2026-09-18T10:14:10.267+0000] {taskinstance.py:3503} INFO - 0 downstream tasks scheduled from follow-on schedule check
[2026-09-18T10:14:10.270+0000] {local_task_job_runner.py:222} INFO - ::endgroup::
