[2026-09-17T11:17:39.325+0000] {local_task_job_runner.py:120} INFO - ::group::Pre task execution logs
[2026-09-17T11:17:39.411+0000] {taskinstance.py:2076} INFO - Dependencies all met for dep_context=non-requeueable deps ti=<TaskInstance: youtube_staging.load_staging manual__2026-09-17T11:11:47.865689+00:00 [queued]>
[2026-09-17T11:17:39.430+0000] {taskinstance.py:2076} INFO - Dependencies all met for dep_context=requeueable deps ti=<TaskInstance: youtube_staging.load_staging manual__2026-09-17T11:11:47.865689+00:00 [queued]>
[2026-09-17T11:17:39.432+0000] {taskinstance.py:2306} INFO - Starting attempt 2 of 2
[2026-09-17T11:17:39.458+0000] {taskinstance.py:2330} INFO - Executing <Task(PythonOperator): load_staging> on 2026-09-17 11:11:47.865689+00:00
[2026-09-17T11:17:39.470+0000] {standard_task_runner.py:63} INFO - Started process 276 to run task
[2026-09-17T11:17:39.475+0000] {standard_task_runner.py:90} INFO - Running: ['***', 'tasks', 'run', 'youtube_staging', 'load_staging', 'manual__2026-09-17T11:11:47.865689+00:00', '--job-id', '18', '--raw', '--subdir', 'DAGS_FOLDER/dag_staging.py', '--cfg-path', '/tmp/tmp41hfy36l']
[2026-09-17T11:17:39.478+0000] {standard_task_runner.py:91} INFO - Job 18: Subtask load_staging
[2026-09-17T11:17:39.565+0000] {task_command.py:426} INFO - Running <TaskInstance: youtube_staging.load_staging manual__2026-09-17T11:11:47.865689+00:00 [running]> on host ea0906cf7650
[2026-09-17T11:17:39.669+0000] {taskinstance.py:2648} INFO - Exporting env vars: AIRFLOW_CTX_DAG_OWNER='***' AIRFLOW_CTX_DAG_ID='youtube_staging' AIRFLOW_CTX_TASK_ID='load_staging' AIRFLOW_CTX_EXECUTION_DATE='2026-09-17T11:11:47.865689+00:00' AIRFLOW_CTX_TRY_NUMBER='2' AIRFLOW_CTX_DAG_RUN_ID='manual__2026-09-17T11:11:47.865689+00:00'
[2026-09-17T11:17:39.671+0000] {taskinstance.py:430} INFO - ::endgroup::
[2026-09-17T11:17:39.692+0000] {taskinstance.py:441} INFO - ::group::Post task execution logs
[2026-09-17T11:17:39.693+0000] {taskinstance.py:2905} ERROR - Task failed with exception
Traceback (most recent call last):
  File "/home/airflow/.local/lib/python3.10/site-packages/airflow/models/taskinstance.py", line 465, in _execute_task
    result = _execute_callable(context=context, **execute_callable_kwargs)
  File "/home/airflow/.local/lib/python3.10/site-packages/airflow/models/taskinstance.py", line 432, in _execute_callable
    return execute_callable(context=context, **execute_callable_kwargs)
  File "/home/airflow/.local/lib/python3.10/site-packages/airflow/models/baseoperator.py", line 401, in wrapper
    return func(self, *args, **kwargs)
  File "/home/airflow/.local/lib/python3.10/site-packages/airflow/operators/python.py", line 235, in execute
    return_value = self.execute_callable()
  File "/home/airflow/.local/lib/python3.10/site-packages/airflow/operators/python.py", line 252, in execute_callable
    return self.python_callable(*self.op_args, **self.op_kwargs)
  File "/opt/airflow/scripts/staging.py", line 20, in staging
    raise FileNotFoundError(f"No YTdata*.json file found in {data_dir}")
FileNotFoundError: No YTdata*.json file found in /opt/***/data
[2026-09-17T11:17:39.707+0000] {taskinstance.py:1206} INFO - Marking task as FAILED. dag_id=youtube_staging, task_id=load_staging, run_id=manual__2026-09-17T11:11:47.865689+00:00, execution_date=20260917T111147, start_date=20260917T111739, end_date=20260917T111739
[2026-09-17T11:17:39.720+0000] {standard_task_runner.py:110} ERROR - Failed to execute job 18 for task load_staging (No YTdata*.json file found in /opt/***/data; 276)
[2026-09-17T11:17:39.730+0000] {local_task_job_runner.py:240} INFO - Task exited with return code 1
[2026-09-17T11:17:39.749+0000] {taskinstance.py:3503} INFO - 0 downstream tasks scheduled from follow-on schedule check
[2026-09-17T11:17:39.751+0000] {local_task_job_runner.py:222} INFO - ::endgroup::
