[2026-09-17T15:57:18.554+0000] {local_task_job_runner.py:120} INFO - ::group::Pre task execution logs
[2026-09-17T15:57:18.574+0000] {taskinstance.py:2076} INFO - Dependencies all met for dep_context=non-requeueable deps ti=<TaskInstance: youtube_extraction.get_videos_details manual__2026-09-17T15:57:07.035962+00:00 [queued]>
[2026-09-17T15:57:18.584+0000] {taskinstance.py:2076} INFO - Dependencies all met for dep_context=requeueable deps ti=<TaskInstance: youtube_extraction.get_videos_details manual__2026-09-17T15:57:07.035962+00:00 [queued]>
[2026-09-17T15:57:18.585+0000] {taskinstance.py:2306} INFO - Starting attempt 1 of 2
[2026-09-17T15:57:18.598+0000] {taskinstance.py:2330} INFO - Executing <Task(PythonOperator): get_videos_details> on 2026-09-17 15:57:07.035962+00:00
[2026-09-17T15:57:18.606+0000] {standard_task_runner.py:63} INFO - Started process 2295 to run task
[2026-09-17T15:57:18.610+0000] {standard_task_runner.py:90} INFO - Running: ['***', 'tasks', 'run', 'youtube_extraction', 'get_videos_details', 'manual__2026-09-17T15:57:07.035962+00:00', '--job-id', '116', '--raw', '--subdir', 'DAGS_FOLDER/dag_extraction.py', '--cfg-path', '/tmp/tmpn4yvr0ph']
[2026-09-17T15:57:18.613+0000] {standard_task_runner.py:91} INFO - Job 116: Subtask get_videos_details
[2026-09-17T15:57:18.668+0000] {task_command.py:426} INFO - Running <TaskInstance: youtube_extraction.get_videos_details manual__2026-09-17T15:57:07.035962+00:00 [running]> on host 7819533a1447
[2026-09-17T15:57:18.771+0000] {taskinstance.py:2648} INFO - Exporting env vars: AIRFLOW_CTX_DAG_OWNER='***' AIRFLOW_CTX_DAG_ID='youtube_extraction' AIRFLOW_CTX_TASK_ID='get_videos_details' AIRFLOW_CTX_EXECUTION_DATE='2026-09-17T15:57:07.035962+00:00' AIRFLOW_CTX_TRY_NUMBER='1' AIRFLOW_CTX_DAG_RUN_ID='manual__2026-09-17T15:57:07.035962+00:00'
[2026-09-17T15:57:18.773+0000] {taskinstance.py:430} INFO - ::endgroup::
[2026-09-17T15:57:18.790+0000] {taskinstance.py:441} INFO - ::group::Post task execution logs
[2026-09-17T15:57:18.795+0000] {taskinstance.py:2905} ERROR - Task failed with exception
Traceback (most recent call last):
  File "/home/airflow/.local/lib/python3.10/site-packages/airflow/models/taskinstance.py", line 465, in _execute_task
    result = _execute_callable(context=context, **execute_callable_kwargs)
  File "/home/airflow/.local/lib/python3.10/site-packages/airflow/models/taskinstance.py", line 432, in _execute_callable
    return execute_callable(context=context, **execute_callable_kwargs)
  File "/home/airflow/.local/lib/python3.10/site-packages/airflow/models/baseoperator.py", line 401, in wrapper
    return func(self, *args, **kwargs)
  File "/home/airflow/.local/lib/python3.10/site-packages/airflow/operators/python.py", line 235, in execute
    return_value = self.execute_callable()
  File "/home/airflow/.local/lib/python3.10/site-packages/airflow/operators/python.py", line 252, in execute_callable
    return self.python_callable(*self.op_args, **self.op_kwargs)
TypeError: get_videos_details() missing 2 required positional arguments: 'youtube' and 'video_ids'
[2026-09-17T15:57:18.806+0000] {taskinstance.py:1206} INFO - Marking task as UP_FOR_RETRY. dag_id=youtube_extraction, task_id=get_videos_details, run_id=manual__2026-09-17T15:57:07.035962+00:00, execution_date=20260917T155707, start_date=20260917T155718, end_date=20260917T155718
[2026-09-17T15:57:18.822+0000] {standard_task_runner.py:110} ERROR - Failed to execute job 116 for task get_videos_details (get_videos_details() missing 2 required positional arguments: 'youtube' and 'video_ids'; 2295)
[2026-09-17T15:57:18.866+0000] {local_task_job_runner.py:240} INFO - Task exited with return code 1
[2026-09-17T15:57:18.891+0000] {taskinstance.py:3503} INFO - 0 downstream tasks scheduled from follow-on schedule check
[2026-09-17T15:57:18.896+0000] {local_task_job_runner.py:222} INFO - ::endgroup::
