[2026-09-18T07:58:21.450+0000] {local_task_job_runner.py:120} INFO - ::group::Pre task execution logs
[2026-09-18T07:58:21.496+0000] {taskinstance.py:2076} INFO - Dependencies all met for dep_context=non-requeueable deps ti=<TaskInstance: youtube_data_updating.load_staging scheduled__2026-09-17T00:00:00+00:00 [queued]>
[2026-09-18T07:58:21.514+0000] {taskinstance.py:2076} INFO - Dependencies all met for dep_context=requeueable deps ti=<TaskInstance: youtube_data_updating.load_staging scheduled__2026-09-17T00:00:00+00:00 [queued]>
[2026-09-18T07:58:21.517+0000] {taskinstance.py:2306} INFO - Starting attempt 1 of 2
[2026-09-18T07:58:21.542+0000] {taskinstance.py:2330} INFO - Executing <Task(PythonOperator): load_staging> on 2026-09-17 00:00:00+00:00
[2026-09-18T07:58:21.555+0000] {standard_task_runner.py:63} INFO - Started process 67 to run task
[2026-09-18T07:58:21.561+0000] {standard_task_runner.py:90} INFO - Running: ['***', 'tasks', 'run', 'youtube_data_updating', 'load_staging', 'scheduled__2026-09-17T00:00:00+00:00', '--job-id', '181', '--raw', '--subdir', 'DAGS_FOLDER/dag_updating.py', '--cfg-path', '/tmp/tmpr4x3sedx']
[2026-09-18T07:58:21.571+0000] {standard_task_runner.py:91} INFO - Job 181: Subtask load_staging
[2026-09-18T07:58:21.890+0000] {task_command.py:426} INFO - Running <TaskInstance: youtube_data_updating.load_staging scheduled__2026-09-17T00:00:00+00:00 [running]> on host 7ff24c91f847
[2026-09-18T07:58:22.109+0000] {taskinstance.py:2648} INFO - Exporting env vars: AIRFLOW_CTX_DAG_OWNER='***' AIRFLOW_CTX_DAG_ID='youtube_data_updating' AIRFLOW_CTX_TASK_ID='load_staging' AIRFLOW_CTX_EXECUTION_DATE='2026-09-17T00:00:00+00:00' AIRFLOW_CTX_TRY_NUMBER='1' AIRFLOW_CTX_DAG_RUN_ID='scheduled__2026-09-17T00:00:00+00:00'
[2026-09-18T07:58:22.111+0000] {taskinstance.py:430} INFO - ::endgroup::
[2026-09-18T07:58:22.254+0000] {logging_mixin.py:188} INFO - 444
[2026-09-18T07:58:22.289+0000] {base.py:84} INFO - Using connection ID 'postgres_db_yt_elt' for task execution.
[2026-09-18T07:58:22.309+0000] {base.py:84} INFO - Using connection ID 'postgres_db_yt_elt' for task execution.
[2026-09-18T07:58:22.317+0000] {taskinstance.py:441} INFO - ::group::Post task execution logs
[2026-09-18T07:58:22.319+0000] {taskinstance.py:2905} ERROR - Task failed with exception
Traceback (most recent call last):
  File "/home/airflow/.local/lib/python3.10/site-packages/airflow/models/taskinstance.py", line 465, in _execute_task
    result = _execute_callable(context=context, **execute_callable_kwargs)
  File "/home/airflow/.local/lib/python3.10/site-packages/airflow/models/taskinstance.py", line 432, in _execute_callable
    return execute_callable(context=context, **execute_callable_kwargs)
  File "/home/airflow/.local/lib/python3.10/site-packages/airflow/models/baseoperator.py", line 401, in wrapper
    return func(self, *args, **kwargs)
  File "/home/airflow/.local/lib/python3.10/site-packages/airflow/operators/python.py", line 235, in execute
    return_value = self.execute_callable()
  File "/home/airflow/.local/lib/python3.10/site-packages/airflow/operators/python.py", line 252, in execute_callable
    return self.python_callable(*self.op_args, **self.op_kwargs)
  File "/opt/airflow/scripts/staging.py", line 23, in staging
    hook.insert_rows(
  File "/home/airflow/.local/lib/python3.10/site-packages/airflow/providers/common/sql/hooks/sql.py", line 596, in insert_rows
    cur.executemany(sql, values)
psycopg2.errors.InvalidColumnReference: there is no unique or exclusion constraint matching the ON CONFLICT specification

[2026-09-18T07:58:22.335+0000] {taskinstance.py:1206} INFO - Marking task as UP_FOR_RETRY. dag_id=youtube_data_updating, task_id=load_staging, run_id=scheduled__2026-09-17T00:00:00+00:00, execution_date=20260917T000000, start_date=20260918T075821, end_date=20260918T075822
[2026-09-18T07:58:22.352+0000] {standard_task_runner.py:110} ERROR - Failed to execute job 181 for task load_staging (there is no unique or exclusion constraint matching the ON CONFLICT specification
; 67)
[2026-09-18T07:58:22.387+0000] {local_task_job_runner.py:240} INFO - Task exited with return code 1
[2026-09-18T07:58:22.413+0000] {taskinstance.py:3503} INFO - 0 downstream tasks scheduled from follow-on schedule check
[2026-09-18T07:58:22.416+0000] {local_task_job_runner.py:222} INFO - ::endgroup::
